
==========================================================================
global route report_tns
--------------------------------------------------------------------------
tns max -75.23

==========================================================================
global route report_wns
--------------------------------------------------------------------------
wns max -1.71

==========================================================================
global route report_worst_slack
--------------------------------------------------------------------------
worst slack max -1.71

==========================================================================
global route report_clock_min_period
--------------------------------------------------------------------------
core_clock period_min = 2.81 fmax = 355.99

==========================================================================
global route report_clock_skew
--------------------------------------------------------------------------
Clock core_clock
   0.30 source latency dpath.a_reg.out[7]$_DFFE_PP_/CLK ^
  -0.29 target latency dpath.b_reg.out[15]$_DFFE_PP_/CLK ^
   0.00 CRPR
--------------
   0.01 setup skew


==========================================================================
global route report_checks -path_delay min
--------------------------------------------------------------------------
Startpoint: req_msg[30] (input port clocked by core_clock)
Endpoint: dpath.a_reg.out[14]$_DFFE_PP_
          (rising edge-triggered flip-flop clocked by core_clock)
Path Group: core_clock
Path Type: min

Fanout     Cap    Slew   Delay    Time   Description
-----------------------------------------------------------------------------
                          0.00    0.00   clock core_clock (rise edge)
                          0.00    0.00   clock network delay (propagated)
                          0.22    0.22 v input external delay
     1    0.00    0.00    0.00    0.22 v req_msg[30] (in)
                                         req_msg[30] (net)
                  0.00    0.00    0.22 v input26/A (sky130_fd_sc_hd__clkdlybuf4s50_1)
     1    0.00    0.05    0.40    0.62 v input26/X (sky130_fd_sc_hd__clkdlybuf4s50_1)
                                         net26 (net)
                  0.05    0.00    0.62 v _170_/A (sky130_fd_sc_hd__nand2_1)
     1    0.00    0.04    0.06    0.68 ^ _170_/Y (sky130_fd_sc_hd__nand2_1)
                                         _085_ (net)
                  0.04    0.00    0.68 ^ _171_/B1 (sky130_fd_sc_hd__o21ai_1)
     1    0.00    0.04    0.05    0.73 v _171_/Y (sky130_fd_sc_hd__o21ai_1)
                                         _086_ (net)
                  0.04    0.00    0.73 v dpath.a_reg.out[14]$_DFFE_PP_/D (sky130_fd_sc_hd__edfxtp_1)
                                  0.73   data arrival time

                          0.00    0.00   clock core_clock (rise edge)
                          0.00    0.00   clock source latency
     1    0.02    0.00    0.00    0.00 ^ clk (in)
                                         clk (net)
                  0.00    0.00    0.00 ^ clkbuf_0_clk/A (sky130_fd_sc_hd__clkbuf_8)
     4    0.03    0.07    0.13    0.13 ^ clkbuf_0_clk/X (sky130_fd_sc_hd__clkbuf_8)
                                         clknet_0_clk (net)
                  0.07    0.00    0.13 ^ clkbuf_2_2__f_clk/A (sky130_fd_sc_hd__clkbuf_8)
    10    0.04    0.08    0.16    0.30 ^ clkbuf_2_2__f_clk/X (sky130_fd_sc_hd__clkbuf_8)
                                         clknet_2_2__leaf_clk (net)
                  0.08    0.00    0.30 ^ dpath.a_reg.out[14]$_DFFE_PP_/CLK (sky130_fd_sc_hd__edfxtp_1)
                          0.00    0.30   clock reconvergence pessimism
                         -0.16    0.14   library hold time
                                  0.14   data required time
-----------------------------------------------------------------------------
                                  0.14   data required time
                                 -0.73   data arrival time
-----------------------------------------------------------------------------
                                  0.60   slack (MET)



==========================================================================
global route report_checks -path_delay max
--------------------------------------------------------------------------
Startpoint: dpath.b_reg.out[5]$_DFFE_PP_
            (rising edge-triggered flip-flop clocked by core_clock)
Endpoint: resp_msg[15] (output port clocked by core_clock)
Path Group: core_clock
Path Type: max

Fanout     Cap    Slew   Delay    Time   Description
-----------------------------------------------------------------------------
                          0.00    0.00   clock core_clock (rise edge)
                          0.00    0.00   clock source latency
     1    0.02    0.00    0.00    0.00 ^ clk (in)
                                         clk (net)
                  0.00    0.00    0.00 ^ clkbuf_0_clk/A (sky130_fd_sc_hd__clkbuf_8)
     4    0.03    0.07    0.13    0.13 ^ clkbuf_0_clk/X (sky130_fd_sc_hd__clkbuf_8)
                                         clknet_0_clk (net)
                  0.07    0.00    0.13 ^ clkbuf_2_1__f_clk/A (sky130_fd_sc_hd__clkbuf_8)
    11    0.04    0.08    0.17    0.30 ^ clkbuf_2_1__f_clk/X (sky130_fd_sc_hd__clkbuf_8)
                                         clknet_2_1__leaf_clk (net)
                  0.08    0.00    0.30 ^ dpath.b_reg.out[5]$_DFFE_PP_/CLK (sky130_fd_sc_hd__edfxtp_1)
     2    0.01    0.12    0.45    0.74 v dpath.b_reg.out[5]$_DFFE_PP_/Q (sky130_fd_sc_hd__edfxtp_1)
                                         _013_ (net)
                  0.12    0.00    0.75 v _119_/_136_/A (sky130_fd_sc_hd__xor2_2)
     2    0.02    0.33    0.34    1.09 ^ _119_/_136_/X (sky130_fd_sc_hd__xor2_2)
                                         _119_/_007_ (net)
                  0.33    0.00    1.09 ^ _119_/_140_/B (sky130_fd_sc_hd__xnor2_4)
     5    0.04    0.32    0.22    1.31 ^ _119_/_140_/Y (sky130_fd_sc_hd__xnor2_4)
                                         _119_/_011_ (net)
                  0.32    0.00    1.31 ^ _119_/rebuffer231/A (sky130_fd_sc_hd__buf_6)
     1    0.01    0.03    0.15    1.46 ^ _119_/rebuffer231/X (sky130_fd_sc_hd__buf_6)
                                         _119_/net249 (net)
                  0.03    0.00    1.46 ^ _119_/place170/A (sky130_fd_sc_hd__buf_6)
     2    0.02    0.05    0.10    1.57 ^ _119_/place170/X (sky130_fd_sc_hd__buf_6)
                                         _119_/net187 (net)
                  0.05    0.00    1.57 ^ _119_/_224_/B (sky130_fd_sc_hd__nor2_4)
     1    0.01    0.06    0.03    1.60 v _119_/_224_/Y (sky130_fd_sc_hd__nor2_4)
                                         _119_/_087_ (net)
                  0.06    0.00    1.60 v _119_/_228_/A2 (sky130_fd_sc_hd__a221oi_2)
     2    0.01    0.27    0.33    1.93 ^ _119_/_228_/Y (sky130_fd_sc_hd__a221oi_2)
                                         _119_/_091_ (net)
                  0.27    0.00    1.93 ^ _119_/rebuffer229/A (sky130_fd_sc_hd__buf_4)
     2    0.02    0.08    0.20    2.13 ^ _119_/rebuffer229/X (sky130_fd_sc_hd__buf_4)
                                         _119_/net247 (net)
                  0.08    0.00    2.13 ^ _119_/_130_/A2 (sky130_fd_sc_hd__o311ai_4)
     1    0.01    0.11    0.10    2.23 v _119_/_130_/Y (sky130_fd_sc_hd__o311ai_4)
                                         _119_/_002_ (net)
                  0.11    0.00    2.23 v _119_/_131_/A (sky130_fd_sc_hd__xnor2_1)
     2    0.01    0.20    0.23    2.46 ^ _119_/_131_/Y (sky130_fd_sc_hd__xnor2_1)
                                         net45 (net)
                  0.20    0.00    2.46 ^ output45/A (sky130_fd_sc_hd__dlymetal6s2s_1)
     1    0.00    0.04    0.13    2.59 ^ output45/X (sky130_fd_sc_hd__dlymetal6s2s_1)
                                         resp_msg[15] (net)
                  0.04    0.00    2.59 ^ resp_msg[15] (out)
                                  2.59   data arrival time

                          1.10    1.10   clock core_clock (rise edge)
                          0.00    1.10   clock network delay (propagated)
                          0.00    1.10   clock reconvergence pessimism
                         -0.22    0.88   output external delay
                                  0.88   data required time
-----------------------------------------------------------------------------
                                  0.88   data required time
                                 -2.59   data arrival time
-----------------------------------------------------------------------------
                                 -1.71   slack (VIOLATED)



==========================================================================
global route report_checks -unconstrained
--------------------------------------------------------------------------
Startpoint: dpath.b_reg.out[5]$_DFFE_PP_
            (rising edge-triggered flip-flop clocked by core_clock)
Endpoint: resp_msg[15] (output port clocked by core_clock)
Path Group: core_clock
Path Type: max

Fanout     Cap    Slew   Delay    Time   Description
-----------------------------------------------------------------------------
                          0.00    0.00   clock core_clock (rise edge)
                          0.00    0.00   clock source latency
     1    0.02    0.00    0.00    0.00 ^ clk (in)
                                         clk (net)
                  0.00    0.00    0.00 ^ clkbuf_0_clk/A (sky130_fd_sc_hd__clkbuf_8)
     4    0.03    0.07    0.13    0.13 ^ clkbuf_0_clk/X (sky130_fd_sc_hd__clkbuf_8)
                                         clknet_0_clk (net)
                  0.07    0.00    0.13 ^ clkbuf_2_1__f_clk/A (sky130_fd_sc_hd__clkbuf_8)
    11    0.04    0.08    0.17    0.30 ^ clkbuf_2_1__f_clk/X (sky130_fd_sc_hd__clkbuf_8)
                                         clknet_2_1__leaf_clk (net)
                  0.08    0.00    0.30 ^ dpath.b_reg.out[5]$_DFFE_PP_/CLK (sky130_fd_sc_hd__edfxtp_1)
     2    0.01    0.12    0.45    0.74 v dpath.b_reg.out[5]$_DFFE_PP_/Q (sky130_fd_sc_hd__edfxtp_1)
                                         _013_ (net)
                  0.12    0.00    0.75 v _119_/_136_/A (sky130_fd_sc_hd__xor2_2)
     2    0.02    0.33    0.34    1.09 ^ _119_/_136_/X (sky130_fd_sc_hd__xor2_2)
                                         _119_/_007_ (net)
                  0.33    0.00    1.09 ^ _119_/_140_/B (sky130_fd_sc_hd__xnor2_4)
     5    0.04    0.32    0.22    1.31 ^ _119_/_140_/Y (sky130_fd_sc_hd__xnor2_4)
                                         _119_/_011_ (net)
                  0.32    0.00    1.31 ^ _119_/rebuffer231/A (sky130_fd_sc_hd__buf_6)
     1    0.01    0.03    0.15    1.46 ^ _119_/rebuffer231/X (sky130_fd_sc_hd__buf_6)
                                         _119_/net249 (net)
                  0.03    0.00    1.46 ^ _119_/place170/A (sky130_fd_sc_hd__buf_6)
     2    0.02    0.05    0.10    1.57 ^ _119_/place170/X (sky130_fd_sc_hd__buf_6)
                                         _119_/net187 (net)
                  0.05    0.00    1.57 ^ _119_/_224_/B (sky130_fd_sc_hd__nor2_4)
     1    0.01    0.06    0.03    1.60 v _119_/_224_/Y (sky130_fd_sc_hd__nor2_4)
                                         _119_/_087_ (net)
                  0.06    0.00    1.60 v _119_/_228_/A2 (sky130_fd_sc_hd__a221oi_2)
     2    0.01    0.27    0.33    1.93 ^ _119_/_228_/Y (sky130_fd_sc_hd__a221oi_2)
                                         _119_/_091_ (net)
                  0.27    0.00    1.93 ^ _119_/rebuffer229/A (sky130_fd_sc_hd__buf_4)
     2    0.02    0.08    0.20    2.13 ^ _119_/rebuffer229/X (sky130_fd_sc_hd__buf_4)
                                         _119_/net247 (net)
                  0.08    0.00    2.13 ^ _119_/_130_/A2 (sky130_fd_sc_hd__o311ai_4)
     1    0.01    0.11    0.10    2.23 v _119_/_130_/Y (sky130_fd_sc_hd__o311ai_4)
                                         _119_/_002_ (net)
                  0.11    0.00    2.23 v _119_/_131_/A (sky130_fd_sc_hd__xnor2_1)
     2    0.01    0.20    0.23    2.46 ^ _119_/_131_/Y (sky130_fd_sc_hd__xnor2_1)
                                         net45 (net)
                  0.20    0.00    2.46 ^ output45/A (sky130_fd_sc_hd__dlymetal6s2s_1)
     1    0.00    0.04    0.13    2.59 ^ output45/X (sky130_fd_sc_hd__dlymetal6s2s_1)
                                         resp_msg[15] (net)
                  0.04    0.00    2.59 ^ resp_msg[15] (out)
                                  2.59   data arrival time

                          1.10    1.10   clock core_clock (rise edge)
                          0.00    1.10   clock network delay (propagated)
                          0.00    1.10   clock reconvergence pessimism
                         -0.22    0.88   output external delay
                                  0.88   data required time
-----------------------------------------------------------------------------
                                  0.88   data required time
                                 -2.59   data arrival time
-----------------------------------------------------------------------------
                                 -1.71   slack (VIOLATED)



==========================================================================
global route report_check_types -max_slew -max_cap -max_fanout -violators
--------------------------------------------------------------------------

==========================================================================
global route max_slew_check_slack
--------------------------------------------------------------------------
0.9591833353042603

==========================================================================
global route max_slew_check_limit
--------------------------------------------------------------------------
1.4892979860305786

==========================================================================
global route max_slew_check_slack_limit
--------------------------------------------------------------------------
0.6441

==========================================================================
global route max_fanout_check_slack
--------------------------------------------------------------------------
1.0000000150474662e+30

==========================================================================
global route max_fanout_check_limit
--------------------------------------------------------------------------
1.0000000150474662e+30

==========================================================================
global route max_capacitance_check_slack
--------------------------------------------------------------------------
0.02993788756430149

==========================================================================
global route max_capacitance_check_limit
--------------------------------------------------------------------------
0.03663099929690361

==========================================================================
global route max_capacitance_check_slack_limit
--------------------------------------------------------------------------
0.8173

==========================================================================
global route max_slew_violation_count
--------------------------------------------------------------------------
max slew violation count 0

==========================================================================
global route max_fanout_violation_count
--------------------------------------------------------------------------
max fanout violation count 0

==========================================================================
global route max_cap_violation_count
--------------------------------------------------------------------------
max cap violation count 0

==========================================================================
global route setup_violation_count
--------------------------------------------------------------------------
setup violation count 68

==========================================================================
global route hold_violation_count
--------------------------------------------------------------------------
hold violation count 0

==========================================================================
global route report_checks -path_delay max reg to reg
--------------------------------------------------------------------------
Startpoint: dpath.b_reg.out[5]$_DFFE_PP_
            (rising edge-triggered flip-flop clocked by core_clock)
Endpoint: dpath.a_reg.out[11]$_DFFE_PP_
          (rising edge-triggered flip-flop clocked by core_clock)
Path Group: core_clock
Path Type: max

  Delay    Time   Description
---------------------------------------------------------
   0.00    0.00   clock core_clock (rise edge)
   0.00    0.00   clock source latency
   0.00    0.00 ^ clk (in)
   0.13    0.13 ^ clkbuf_0_clk/X (sky130_fd_sc_hd__clkbuf_8)
   0.17    0.30 ^ clkbuf_2_1__f_clk/X (sky130_fd_sc_hd__clkbuf_8)
   0.00    0.30 ^ dpath.b_reg.out[5]$_DFFE_PP_/CLK (sky130_fd_sc_hd__edfxtp_1)
   0.45    0.74 v dpath.b_reg.out[5]$_DFFE_PP_/Q (sky130_fd_sc_hd__edfxtp_1)
   0.34    1.09 ^ _119_/_136_/X (sky130_fd_sc_hd__xor2_2)
   0.22    1.31 ^ _119_/_140_/Y (sky130_fd_sc_hd__xnor2_4)
   0.15    1.46 ^ _119_/rebuffer231/X (sky130_fd_sc_hd__buf_6)
   0.10    1.57 ^ _119_/place170/X (sky130_fd_sc_hd__buf_6)
   0.03    1.60 v _119_/_224_/Y (sky130_fd_sc_hd__nor2_4)
   0.33    1.93 ^ _119_/_228_/Y (sky130_fd_sc_hd__a221oi_2)
   0.20    2.13 ^ _119_/rebuffer229/X (sky130_fd_sc_hd__buf_4)
   0.06    2.20 v _119_/_252_/Y (sky130_fd_sc_hd__o21ai_4)
   0.15    2.35 v _119_/_253_/Y (sky130_fd_sc_hd__xnor2_2)
   0.14    2.49 v place136/X (sky130_fd_sc_hd__buf_4)
   0.17    2.67 ^ _160_/Y (sky130_fd_sc_hd__mux2i_1)
   0.10    2.76 v _162_/Y (sky130_fd_sc_hd__o21ai_1)
   0.00    2.76 v dpath.a_reg.out[11]$_DFFE_PP_/D (sky130_fd_sc_hd__edfxtp_1)
           2.76   data arrival time

   1.10    1.10   clock core_clock (rise edge)
   0.00    1.10   clock source latency
   0.00    1.10 ^ clk (in)
   0.13    1.23 ^ clkbuf_0_clk/X (sky130_fd_sc_hd__clkbuf_8)
   0.17    1.40 ^ clkbuf_2_2__f_clk/X (sky130_fd_sc_hd__clkbuf_8)
   0.00    1.40 ^ dpath.a_reg.out[11]$_DFFE_PP_/CLK (sky130_fd_sc_hd__edfxtp_1)
   0.00    1.40   clock reconvergence pessimism
  -0.25    1.15   library setup time
           1.15   data required time
---------------------------------------------------------
           1.15   data required time
          -2.76   data arrival time
---------------------------------------------------------
          -1.61   slack (VIOLATED)



==========================================================================
global route report_checks -path_delay min reg to reg
--------------------------------------------------------------------------
Startpoint: dpath.a_reg.out[0]$_DFFE_PP_
            (rising edge-triggered flip-flop clocked by core_clock)
Endpoint: dpath.b_reg.out[0]$_DFFE_PP_
          (rising edge-triggered flip-flop clocked by core_clock)
Path Group: core_clock
Path Type: min

  Delay    Time   Description
---------------------------------------------------------
   0.00    0.00   clock core_clock (rise edge)
   0.00    0.00   clock source latency
   0.00    0.00 ^ clk (in)
   0.13    0.13 ^ clkbuf_0_clk/X (sky130_fd_sc_hd__clkbuf_8)
   0.16    0.29 ^ clkbuf_2_0__f_clk/X (sky130_fd_sc_hd__clkbuf_8)
   0.00    0.30 ^ dpath.a_reg.out[0]$_DFFE_PP_/CLK (sky130_fd_sc_hd__edfxtp_1)
   0.37    0.67 ^ dpath.a_reg.out[0]$_DFFE_PP_/Q (sky130_fd_sc_hd__edfxtp_1)
   0.16    0.83 ^ _172_/X (sky130_fd_sc_hd__mux2_4)
   0.00    0.83 ^ dpath.b_reg.out[0]$_DFFE_PP_/D (sky130_fd_sc_hd__edfxtp_1)
           0.83   data arrival time

   0.00    0.00   clock core_clock (rise edge)
   0.00    0.00   clock source latency
   0.00    0.00 ^ clk (in)
   0.13    0.13 ^ clkbuf_0_clk/X (sky130_fd_sc_hd__clkbuf_8)
   0.16    0.29 ^ clkbuf_2_0__f_clk/X (sky130_fd_sc_hd__clkbuf_8)
   0.00    0.30 ^ dpath.b_reg.out[0]$_DFFE_PP_/CLK (sky130_fd_sc_hd__edfxtp_1)
   0.00    0.30   clock reconvergence pessimism
  -0.10    0.19   library hold time
           0.19   data required time
---------------------------------------------------------
           0.19   data required time
          -0.83   data arrival time
---------------------------------------------------------
           0.63   slack (MET)



==========================================================================
global route critical path target clock latency max path
--------------------------------------------------------------------------
0.2999

==========================================================================
global route critical path target clock latency min path
--------------------------------------------------------------------------
0.2971

==========================================================================
global route critical path source clock latency min path
--------------------------------------------------------------------------
0.0000

==========================================================================
global route critical path delay
--------------------------------------------------------------------------
2.5891

==========================================================================
global route critical path slack
--------------------------------------------------------------------------
-1.7091

==========================================================================
global route slack div critical path delay
--------------------------------------------------------------------------
-66.011355

==========================================================================
global route report_power
--------------------------------------------------------------------------
Group                  Internal  Switching    Leakage      Total
                          Power      Power      Power      Power (Watts)
----------------------------------------------------------------
Sequential             1.66e-03   1.60e-04   3.51e-10   1.82e-03  20.9%
Combinational          2.97e-03   2.64e-03   1.73e-09   5.61e-03  64.4%
Clock                  7.35e-04   5.49e-04   6.12e-11   1.28e-03  14.7%
Macro                  0.00e+00   0.00e+00   0.00e+00   0.00e+00   0.0%
Pad                    0.00e+00   0.00e+00   0.00e+00   0.00e+00   0.0%
----------------------------------------------------------------
Total                  5.37e-03   3.35e-03   2.15e-09   8.72e-03 100.0%
                          61.6%      38.4%       0.0%
